[Mon Nov 30 10:10:03.766776 2015] [mpm_event:notice] [pid 1963:tid 140713789785856] AH00489: Apache/2.4.17 (Unix) configured -- resuming normal operations
[Mon Nov 30 10:10:03.766889 2015] [core:notice] [pid 1963:tid 140713789785856] AH00094: Command line: '/opt/zbox/run/apache/httpd'
[Mon Nov 30 10:14:11.942503 2015] [mpm_event:notice] [pid 1963:tid 140713789785856] AH00491: caught SIGTERM, shutting down
[Mon Nov 30 10:53:26.170301 2015] [mpm_event:notice] [pid 1991:tid 140081415186176] AH00489: Apache/2.4.17 (Unix) configured -- resuming normal operations
[Mon Nov 30 10:53:26.170404 2015] [core:notice] [pid 1991:tid 140081415186176] AH00094: Command line: '/opt/zbox/run/apache/httpd'
[Mon Nov 30 10:55:27.173169 2015] [mpm_event:notice] [pid 1991:tid 140081415186176] AH00491: caught SIGTERM, shutting down
[Thu Dec 24 11:29:31.448700 2015] [mpm_event:notice] [pid 1283:tid 139791678871296] AH00489: Apache/2.4.17 (Unix) configured -- resuming normal operations
[Thu Dec 24 11:29:31.448967 2015] [core:notice] [pid 1283:tid 139791678871296] AH00094: Command line: '/opt/zbox/run/apache/httpd'
[Thu Dec 24 11:30:10.848730 2015] [mpm_event:notice] [pid 1283:tid 139791678871296] AH00491: caught SIGTERM, shutting down
[Thu Dec 24 11:30:43.097532 2015] [mpm_event:notice] [pid 1741:tid 140696568145664] AH00489: Apache/2.4.17 (Unix) configured -- resuming normal operations
[Thu Dec 24 11:30:43.097602 2015] [core:notice] [pid 1741:tid 140696568145664] AH00094: Command line: '/opt/zbox/run/apache/httpd'
[Thu Dec 24 11:37:07.543820 2015] [mpm_event:notice] [pid 1741:tid 140696568145664] AH00491: caught SIGTERM, shutting down
[Thu Feb 04 02:38:29.295132 2016] [mpm_event:notice] [pid 17721:tid 140607398029056] AH00489: Apache/2.4.17 (Unix) configured -- resuming normal operations
[Thu Feb 04 02:38:29.295248 2016] [core:notice] [pid 17721:tid 140607398029056] AH00094: Command line: '/opt/zbox/run/apache/httpd'
[Thu Feb 04 17:09:10.706538 2016] [:error] [pid 17727:tid 140606827362048] [client 23.251.63.45:1301] script '/opt/zbox/app/htdocs/azenv.php' not found or unable to stat
[Fri Feb 05 18:17:12.175226 2016] [:error] [pid 17722:tid 140606827362048] [client 23.251.63.45:2844] script '/opt/zbox/app/htdocs/azz.php' not found or unable to stat
[Sun Feb 07 10:59:59.931063 2016] [:error] [pid 17727:tid 140606970873600] [client 185.49.14.190:40946] script '/opt/zbox/app/htdocs/testproxy.php' not found or unable to stat
[Tue Feb 09 07:33:04.700501 2016] [:error] [pid 18237:tid 140606793791232] [client 23.251.63.45:1076] script '/opt/zbox/app/htdocs/azenv.php' not found or unable to stat
[Wed Feb 10 16:28:23.229144 2016] [:error] [pid 17723:tid 140606869325568] [client 91.196.50.33:57186] script '/opt/zbox/app/htdocs/testproxy.php' not found or unable to stat
[Sat Feb 13 09:22:56.116889 2016] [:error] [pid 17722:tid 140606751827712] [client 23.251.63.45:3989] script '/opt/zbox/app/htdocs/azenv.php' not found or unable to stat
[Sun Feb 14 10:10:09.759124 2016] [:error] [pid 17727:tid 140606793791232] [client 94.185.83.100:48047] script '/opt/zbox/app/htdocs/testproxy.php' not found or unable to stat
[Thu Feb 18 04:00:43.037700 2016] [:error] [pid 18237:tid 140606751827712] [client 213.152.173.135:49450] script '/opt/zbox/app/htdocs/xmlrpc.php' not found or unable to stat
[Thu Feb 18 11:38:29.688298 2016] [:error] [pid 18237:tid 140606709864192] [client 94.185.83.100:56064] script '/opt/zbox/app/htdocs/testproxy.php' not found or unable to stat
[Thu Feb 18 12:43:21.365907 2016] [:error] [pid 17722:tid 140606768613120] [client 104.128.144.131:52112] script '/opt/zbox/app/htdocs/redirect.php' not found or unable to stat
[Thu Feb 18 14:11:14.426579 2016] [:error] [pid 17727:tid 140606827362048] [client 185.25.148.240:59233] script '/opt/zbox/app/htdocs/testproxy.php' not found or unable to stat
[Sat Feb 20 19:54:09.567691 2016] [:error] [pid 17727:tid 140606818969344] [client 23.251.63.45:1223] script '/opt/zbox/app/htdocs/azenv.php' not found or unable to stat
[Sun Feb 21 04:22:10.083819 2016] [:error] [pid 17722:tid 140606793791232] [client 185.25.148.240:54829] script '/opt/zbox/app/htdocs/testproxy.php' not found or unable to stat
[Wed Feb 24 01:20:38.146562 2016] [:error] [pid 17727:tid 140606869325568] [client 23.251.63.45:2869] script '/opt/zbox/app/htdocs/azz.php' not found or unable to stat
[Thu Feb 25 00:35:53.981258 2016] [:error] [pid 17722:tid 140606869325568] [client 185.25.148.240:48883] script '/opt/zbox/app/htdocs/testproxy.php' not found or unable to stat
[Thu Feb 25 14:37:14.683678 2016] [core:error] [pid 17723:tid 140606852540160] [client 60.209.5.30:36049] AH00126: Invalid URI in request GET http-req HTTP/1.1
[Thu Feb 25 17:42:56.859673 2016] [core:error] [pid 18237:tid 140606751827712] [client 60.209.5.30:38217] AH00126: Invalid URI in request GET http-req HTTP/1.1
[Fri Feb 26 04:01:49.650714 2016] [:error] [pid 17727:tid 140606726649600] [client 23.251.63.45:1504] script '/opt/zbox/app/htdocs/azenv.php' not found or unable to stat
[Sat Feb 27 20:11:32.310763 2016] [:error] [pid 17727:tid 140606844147456] [client 23.251.63.45:2000] script '/opt/zbox/app/htdocs/av.php' not found or unable to stat
[Sun Feb 28 08:00:59.818945 2016] [:error] [pid 18237:tid 140606894503680] [client 185.25.151.159:54808] script '/opt/zbox/app/htdocs/testproxy.php' not found or unable to stat
[Sun Feb 28 14:56:26.796738 2016] [:error] [pid 17727:tid 140606979266304] [client 178.216.202.190:51199] script '/opt/zbox/app/htdocs/testproxy.php' not found or unable to stat
[Sun Feb 28 19:58:59.434310 2016] [:error] [pid 17727:tid 140606735042304] [client 91.196.50.33:57569] script '/opt/zbox/app/htdocs/testproxy.php' not found or unable to stat
[Sun Feb 28 23:26:47.217326 2016] [:error] [pid 17723:tid 140606886110976] [client 178.216.202.184:56376] script '/opt/zbox/app/htdocs/testproxy.php' not found or unable to stat
[Sun Feb 28 23:26:47.416719 2016] [:error] [pid 17722:tid 140606886110976] [client 178.216.202.190:54486] script '/opt/zbox/app/htdocs/testproxy.php' not found or unable to stat
[Mon Feb 29 10:34:24.470214 2016] [:error] [pid 17727:tid 140606777005824] [client 23.251.63.45:2832] script '/opt/zbox/app/htdocs/azenv.php' not found or unable to stat
[Mon Feb 29 22:14:01.035957 2016] [:error] [pid 18237:tid 140606760220416] [client 185.25.151.159:60890] script '/opt/zbox/app/htdocs/testproxy.php' not found or unable to stat
[Mon Feb 29 23:40:11.233802 2016] [:error] [pid 17727:tid 140606802183936] [client 222.255.46.55:35988] script '/opt/zbox/app/htdocs/wp-login.php' not found or unable to stat
[Tue Mar 01 17:33:25.117721 2016] [:error] [pid 18237:tid 140606894503680] [client 23.251.63.45:3505] script '/opt/zbox/app/htdocs/azenv.php' not found or unable to stat
[Tue Mar 01 18:16:20.860608 2016] [:error] [pid 17727:tid 140606886110976] [client 5.178.86.77:48486] script '/opt/zbox/app/htdocs/azenv.php' not found or unable to stat, referer: http://best-proxies.ru/
[Tue Mar 01 22:39:52.458464 2016] [mpm_event:notice] [pid 17721:tid 140607398029056] AH00491: caught SIGTERM, shutting down
[Wed Mar 02 04:26:21.407066 2016] [mpm_event:notice] [pid 2468:tid 140496468670208] AH00489: Apache/2.4.17 (Unix) configured -- resuming normal operations
[Wed Mar 02 04:26:21.407668 2016] [core:notice] [pid 2468:tid 140496468670208] AH00094: Command line: '/opt/zbox/run/apache/httpd'
[Wed Mar 02 11:29:45.342802 2016] [:error] [pid 2469:tid 140495871231744] [client 23.251.63.45:4474] script '/opt/zbox/app/htdocs/azz.php' not found or unable to stat
[Thu Mar 03 09:04:32.696460 2016] [:error] [pid 4166:tid 140496049907456] [client 91.196.50.33:35594] script '/opt/zbox/app/htdocs/testproxy.php' not found or unable to stat
[Sat Mar 05 19:52:50.220698 2016] [:error] [pid 2470:tid 140495879624448] [client 185.106.94.30:52772] script '/opt/zbox/app/htdocs/xmlrpc.php' not found or unable to stat
[Sun Mar 06 19:03:27.289732 2016] [:error] [pid 2471:tid 140496049907456] [client 23.251.63.45:3146] script '/opt/zbox/app/htdocs/azz.php' not found or unable to stat
[Sun Mar 06 21:59:11.025679 2016] [:error] [pid 2469:tid 140495820875520] [client 89.248.160.132:45235] script '/opt/zbox/app/htdocs/xmlrpc.php' not found or unable to stat
[Sun Mar 06 22:24:24.587090 2016] [:error] [pid 2470:tid 140495820875520] [client 210.41.243.18:61842] script '/opt/zbox/app/htdocs/admin.php' not found or unable to stat
[Sun Mar 06 22:24:24.622483 2016] [:error] [pid 2470:tid 140495787304704] [client 210.41.243.18:61845] script '/opt/zbox/app/htdocs/login.php' not found or unable to stat
[Sun Mar 06 22:24:24.824409 2016] [:error] [pid 2471:tid 140495896409856] [client 210.41.243.18:61890] script '/opt/zbox/app/htdocs/phpinfo.php' not found or unable to stat
[Sun Mar 06 22:24:24.853896 2016] [:error] [pid 4166:tid 140496041514752] [client 210.41.243.18:61891] script '/opt/zbox/app/htdocs/info.php' not found or unable to stat
[Sun Mar 06 22:24:24.889254 2016] [:error] [pid 4166:tid 140495879624448] [client 210.41.243.18:61894] script '/opt/zbox/app/htdocs/mysql.php' not found or unable to stat
[Sun Mar 06 22:24:24.897893 2016] [:error] [pid 4166:tid 140495854446336] [client 210.41.243.18:61898] script '/opt/zbox/app/htdocs/test.php' not found or unable to stat
[Sun Mar 06 22:24:24.898721 2016] [:error] [pid 2469:tid 140495812482816] [client 210.41.243.18:61896] script '/opt/zbox/app/htdocs/sql.php' not found or unable to stat
[Sun Mar 06 22:24:24.898859 2016] [:error] [pid 4166:tid 140495812482816] [client 210.41.243.18:61899] script '/opt/zbox/app/htdocs/test2.php' not found or unable to stat
[Sun Mar 06 22:24:24.905119 2016] [:error] [pid 2469:tid 140495846053632] [client 210.41.243.18:61906] script '/opt/zbox/app/htdocs/debug.php' not found or unable to stat
[Sun Mar 06 22:24:24.905471 2016] [:error] [pid 2470:tid 140495896409856] [client 210.41.243.18:61907] script '/opt/zbox/app/htdocs/t.php' not found or unable to stat
[Sun Mar 06 22:24:24.906723 2016] [:error] [pid 2470:tid 140495929980672] [client 210.41.243.18:61908] script '/opt/zbox/app/htdocs/i.php' not found or unable to stat
[Sun Mar 06 22:24:24.918045 2016] [:error] [pid 2471:tid 140495888017152] [client 210.41.243.18:61910] script '/opt/zbox/app/htdocs/upload.php' not found or unable to stat
[Sun Mar 06 22:24:25.197771 2016] [core:error] [pid 2470:tid 140495946766080] [client 210.41.243.18:61951] AH00126: Invalid URI in request GET /../../../../../../../../../../../../../etc/sysconfig/network-scripts/ifcfg-eth1 HTTP/1.1
[Sun Mar 06 22:24:25.197986 2016] [core:error] [pid 2469:tid 140495829268224] [client 210.41.243.18:61947] AH00126: Invalid URI in request GET /../../../../../../../../../../../../../etc/passwd HTTP/1.1
[Sun Mar 06 22:24:25.198356 2016] [core:error] [pid 2470:tid 140495778912000] [client 210.41.243.18:61949] AH00126: Invalid URI in request GET //../../../../../../../../../../../../../etc/passwd HTTP/1.1
[Sun Mar 06 22:24:25.199328 2016] [core:error] [pid 2469:tid 140495795697408] [client 210.41.243.18:61950] AH00126: Invalid URI in request GET /../../../../../../../../../../../../../etc/hosts HTTP/1.1
[Sun Mar 06 22:24:25.199631 2016] [core:error] [pid 2470:tid 140496049907456] [client 210.41.243.18:61956] AH00126: Invalid URI in request GET //././././././././././././././././././././././././../../../../../../../../etc/passwd HTTP/1.1
[Sun Mar 06 22:24:25.435283 2016] [:error] [pid 2471:tid 140495795697408] [client 210.41.243.18:61996] script '/opt/zbox/app/htdocs/shell.php' not found or unable to stat
[Sun Mar 06 22:24:25.442643 2016] [:error] [pid 2469:tid 140495854446336] [client 210.41.243.18:61999] script '/opt/zbox/app/htdocs/hack.php' not found or unable to stat
[Sun Mar 06 22:24:25.443065 2016] [:error] [pid 2471:tid 140495804090112] [client 210.41.243.18:62000] script '/opt/zbox/app/htdocs/1.php' not found or unable to stat
[Sun Mar 06 22:24:25.449858 2016] [:error] [pid 2469:tid 140495904802560] [client 210.41.243.18:62001] script '/opt/zbox/app/htdocs/2.php' not found or unable to stat
[Sun Mar 06 22:24:25.458009 2016] [:error] [pid 2471:tid 140495955158784] [client 210.41.243.18:62002] script '/opt/zbox/app/htdocs/3.php' not found or unable to stat
[Sun Mar 06 22:24:25.484305 2016] [:error] [pid 2470:tid 140495946766080] [client 210.41.243.18:62010] script '/opt/zbox/app/htdocs/spy.php' not found or unable to stat
[Sun Mar 06 22:24:25.491732 2016] [:error] [pid 4166:tid 140495862839040] [client 210.41.243.18:62011] script '/opt/zbox/app/htdocs/phpspy.php' not found or unable to stat
[Sun Mar 06 22:24:25.517932 2016] [:error] [pid 4166:tid 140495854446336] [client 210.41.243.18:62012] script '/opt/zbox/app/htdocs/webshell.php' not found or unable to stat
[Sun Mar 06 22:24:25.518630 2016] [:error] [pid 4166:tid 140495837660928] [client 210.41.243.18:62014] script '/opt/zbox/app/htdocs/php.php' not found or unable to stat
[Sun Mar 06 22:24:25.518864 2016] [:error] [pid 2470:tid 140496049907456] [client 210.41.243.18:62013] script '/opt/zbox/app/htdocs/angle.php' not found or unable to stat
[Sun Mar 06 22:24:25.519012 2016] [:error] [pid 4166:tid 140495812482816] [client 210.41.243.18:62015] script '/opt/zbox/app/htdocs/one.php' not found or unable to stat
[Sun Mar 06 22:24:25.524268 2016] [:error] [pid 2469:tid 140495846053632] [client 210.41.243.18:62016] script '/opt/zbox/app/htdocs/a.php' not found or unable to stat
[Sun Mar 06 22:24:25.530322 2016] [:error] [pid 2471:tid 140495879624448] [client 210.41.243.18:62018] script '/opt/zbox/app/htdocs/c.php' not found or unable to stat
[Sun Mar 06 22:24:25.530594 2016] [:error] [pid 2469:tid 140495888017152] [client 210.41.243.18:62017] script '/opt/zbox/app/htdocs/b.php' not found or unable to stat
[Sun Mar 06 22:24:25.530675 2016] [:error] [pid 2469:tid 140495888017152] [client 210.41.243.18:62019] script '/opt/zbox/app/htdocs/s.php' not found or unable to stat
[Sun Mar 06 22:24:25.612803 2016] [:error] [pid 2469:tid 140495871231744] [client 210.41.243.18:61976] script '/opt/zbox/app/htdocs/.bash_history.php' not found or unable to stat
[Sun Mar 06 22:24:26.355759 2016] [:error] [pid 4166:tid 140495795697408] [client 210.41.243.18:62190] script '/opt/zbox/app/htdocs/wp-login.php' not found or unable to stat
[Sun Mar 06 22:24:26.383394 2016] [:error] [pid 2471:tid 140495837660928] [client 210.41.243.18:62194] script '/opt/zbox/app/htdocs/wp-config.php.inc' not found or unable to stat
[Sun Mar 06 22:24:26.484992 2016] [:error] [pid 2471:tid 140496049907456] [client 210.41.243.18:62212] script '/opt/zbox/app/htdocs/config.php' not found or unable to stat
[Sun Mar 06 22:24:26.514142 2016] [:error] [pid 2470:tid 140495804090112] [client 210.41.243.18:62217] script '/opt/zbox/app/htdocs/settings.php' not found or unable to stat
[Sun Mar 06 22:24:27.969786 2016] [core:error] [pid 4166:tid 140495804090112] [client 210.41.243.18:62372] AH00126: Invalid URI in request GET /zentao/../../../../../../../../../../../../../etc/passwd HTTP/1.1
[Sun Mar 06 22:24:27.969875 2016] [core:error] [pid 4166:tid 140495804090112] [client 210.41.243.18:62373] AH00126: Invalid URI in request GET /zentao//../../../../../../../../../../../../../etc/passwd HTTP/1.1
[Sun Mar 06 22:24:27.969931 2016] [core:error] [pid 4166:tid 140495804090112] [client 210.41.243.18:62374] AH00126: Invalid URI in request GET /zentao/../../../../../../../../../../../../../etc/hosts HTTP/1.1
[Sun Mar 06 22:24:27.970222 2016] [core:error] [pid 2469:tid 140495829268224] [client 210.41.243.18:62375] AH00126: Invalid URI in request GET /zentao/../../../../../../../../../../../../../etc/sysconfig/network-scripts/ifcfg-eth1 HTTP/1.1
[Sun Mar 06 22:24:28.068281 2016] [core:error] [pid 2470:tid 140495829268224] [client 210.41.243.18:62382] AH00126: Invalid URI in request GET /zentao//././././././././././././././././././././././././../../../../../../../../etc/passwd HTTP/1.1
[Sun Mar 06 22:24:33.127599 2016] [core:error] [pid 2471:tid 140495787304704] [client 210.41.243.18:62839] AH00126: Invalid URI in request GET /pro/../../../../../../../../../../../../../etc/passwd HTTP/1.1
[Sun Mar 06 22:24:33.137910 2016] [core:error] [pid 4166:tid 140495778912000] [client 210.41.243.18:62840] AH00126: Invalid URI in request GET /pro//../../../../../../../../../../../../../etc/passwd HTTP/1.1
[Sun Mar 06 22:24:33.138029 2016] [core:error] [pid 4166:tid 140495778912000] [client 210.41.243.18:62841] AH00126: Invalid URI in request GET /pro/../../../../../../../../../../../../../etc/hosts HTTP/1.1
[Sun Mar 06 22:24:33.138089 2016] [core:error] [pid 4166:tid 140495778912000] [client 210.41.243.18:62842] AH00126: Invalid URI in request GET /pro/../../../../../../../../../../../../../etc/sysconfig/network-scripts/ifcfg-eth1 HTTP/1.1
[Sun Mar 06 22:24:33.185852 2016] [core:error] [pid 2470:tid 140495778912000] [client 210.41.243.18:62848] AH00126: Invalid URI in request GET /pro//././././././././././././././././././././././././../../../../../../../../etc/passwd HTTP/1.1
[Sun Mar 06 22:24:40.523358 2016] [core:error] [pid 2469:tid 140495963551488] [client 210.41.243.18:63359] AH00126: Invalid URI in request GET /adminer/../../../../../../../../../../../../../etc/passwd HTTP/1.1
[Sun Mar 06 22:24:40.589901 2016] [core:error] [pid 2470:tid 140495820875520] [client 210.41.243.18:63360] AH00126: Invalid URI in request GET /adminer//../../../../../../../../../../../../../etc/passwd HTTP/1.1
[Sun Mar 06 22:24:40.608840 2016] [core:error] [pid 2470:tid 140495921587968] [client 210.41.243.18:63361] AH00126: Invalid URI in request GET /adminer/../../../../../../../../../../../../../etc/hosts HTTP/1.1
[Sun Mar 06 22:24:40.609169 2016] [core:error] [pid 2471:tid 140495921587968] [client 210.41.243.18:63362] AH00126: Invalid URI in request GET /adminer/../../../../../../../../../../../../../etc/sysconfig/network-scripts/ifcfg-eth1 HTTP/1.1
[Sun Mar 06 22:24:40.630456 2016] [core:error] [pid 2471:tid 140495929980672] [client 210.41.243.18:63368] AH00126: Invalid URI in request GET /adminer//././././././././././././././././././././././././../../../../../../../../etc/passwd HTTP/1.1
[Wed Mar 09 21:14:24.633900 2016] [mpm_event:notice] [pid 2468:tid 140496468670208] AH00491: caught SIGTERM, shutting down
[Fri Mar 11 13:08:32.249285 2016] [mpm_event:notice] [pid 1291:tid 140341715072768] AH00489: Apache/2.4.17 (Unix) configured -- resuming normal operations
[Fri Mar 11 13:08:32.249387 2016] [core:notice] [pid 1291:tid 140341715072768] AH00094: Command line: '/opt/zbox/run/apache/httpd'
[Fri Mar 11 17:03:56.847329 2016] [:error] [pid 1703:tid 140341126551296] [client 95.213.187.189:52913] script '/opt/zbox/app/htdocs/azenv.php' not found or unable to stat, referer: http://best-proxies.ru/
[Fri Mar 11 21:51:47.310539 2016] [:error] [pid 1292:tid 140341143336704] [client 95.213.187.189:55694] script '/opt/zbox/app/htdocs/azenv.php' not found or unable to stat, referer: http://best-proxies.ru/
[Sat Mar 12 16:47:31.050059 2016] [:error] [pid 1703:tid 140341176907520] [client 94.185.83.100:48507] script '/opt/zbox/app/htdocs/testproxy.php' not found or unable to stat
[Sat Mar 12 17:35:13.410148 2016] [:error] [pid 1293:tid 140341367817984] [client 23.251.63.45:1296] script '/opt/zbox/app/htdocs/azenv.php' not found or unable to stat
[Sun Mar 13 14:50:06.160911 2016] [:error] [pid 1294:tid 140341176907520] [client 178.216.200.155:59905] script '/opt/zbox/app/htdocs/testproxy.php' not found or unable to stat
[Mon Mar 14 13:13:57.946761 2016] [:error] [pid 1703:tid 140341160122112] [client 178.216.200.155:54452] script '/opt/zbox/app/htdocs/testproxy.php' not found or unable to stat
[Mon Mar 14 13:17:24.841042 2016] [:error] [pid 1294:tid 140341151729408] [client 185.25.148.240:35457] script '/opt/zbox/app/htdocs/testproxy.php' not found or unable to stat
[Mon Mar 14 19:18:36.832655 2016] [:error] [pid 1293:tid 140341185300224] [client 185.25.151.159:36247] script '/opt/zbox/app/htdocs/testproxy.php' not found or unable to stat
[Tue Mar 15 05:40:03.120693 2016] [:error] [pid 1703:tid 140341277619968] [client 178.216.200.155:43965] script '/opt/zbox/app/htdocs/testproxy.php' not found or unable to stat
[Tue Mar 15 13:24:55.294289 2016] [:error] [pid 1294:tid 140341118158592] [client 120.26.55.211:6241] script '/opt/zbox/app/htdocs/plugin.php' not found or unable to stat
[Tue Mar 15 16:36:57.136156 2016] [:error] [pid 1293:tid 140341384603392] [client 94.185.83.100:35471] script '/opt/zbox/app/htdocs/testproxy.php' not found or unable to stat
[Tue Mar 15 20:51:13.274394 2016] [core:error] [pid 1703:tid 140341227263744] (36)File name too long: [client 93.113.125.12:44444] AH00036: access to /we_are_looking_for_not_found_pages_we_are_looking_for_not_found_pages_we_are_looking_for_not_found_pages_we_are_looking_for_not_found_pages_we_are_looking_for_not_found_pages_we_are_looking_for_not_found_pages_we_are_looking_for_not_found_pages_we_are_looking_for_not_found_pages_we_are_looking_for_not_found_pages_we_are_looking_for_not_found_pages_we_are_looking_for_not_found_pages_we_are_looking_for_not_found_pages_we_are_looking_for_not_found_pages_we_are_looking_for_not_found_pages_we_are_looking_for_not_found_pages_we_are_looking_for_not_found_pages_we_are_looking_for_not_found_pages_we_are_looking_for_not_found_pages_we_are_looking_for_not_found_pages_we_are_looking_for_not_found_pages_we_are_looking_for_not_found_pages_we_are_looking_for_not_found_pages_we_are_looking_for_not_found_pages_we_are_looking_for_not_found_pages_we_are_looking_for_not_found_pages_we_are_looking_for_not_found_pages_we_are_looking_for_not_found_pages_we_are_looking_for_not_found_pages_we_are_looking_for_not_found_pages_we_are_looking_for_not_found_pages failed (filesystem path '/opt/zbox/app/htdocs/we_are_looking_for_not_found_pages_we_are_looking_for_not_found_pages_we_are_looking_for_not_found_pages_we_are_looking_for_not_found_pages_we_are_looking_for_not_found_pages_we_are_looking_for_not_found_pages_we_are_looking_for_not_found_pages_we_are_looking_for_not_found_pages_we_are_looking_for_not_found_pages_we_are_looking_for_not_found_pages_we_are_looking_for_not_found_pages_we_are_looking_for_not_found_pages_we_are_looking_for_not_found_pages_we_are_looking_for_not_found_pages_we_are_looking_for_not_found_pages_we_are_looking_for_not_found_pages_we_are_looking_for_not_found_pages_we_are_looking_for_not_found_pages_we_are_looking_for_not_found_pages_we_are_looking_for_not_found_pages_we_are_looking_for_not_found_pages_we_are_looking_for_not_found_pages_we_are_looking_for_not_found_pages_we_are_looking_for_not_found_pages_we_are_looking_for_not_found_pages_we_are_looking_for_not_found_pages_we_are_looking_for_not_found_pages_we_are_looking_for_not_found_pages_we_are_looking_for_not_found_pages_we_are_looking_for_not_found_pages')
[Tue Mar 15 21:26:05.087018 2016] [:error] [pid 1294:tid 140341193692928] [client 107.151.226.203:2379] script '/opt/zbox/app/htdocs/av.php' not found or unable to stat
[Tue Mar 15 21:29:43.963810 2016] [:error] [pid 1293:tid 140341168514816] [client 23.251.40.103:14995] script '/opt/zbox/app/htdocs/azenv.php' not found or unable to stat
[Tue Mar 15 22:46:25.247656 2016] [:error] [pid 1292:tid 140341202085632] [client 107.151.226.203:2812] script '/opt/zbox/app/htdocs/azenv.php' not found or unable to stat
[Tue Mar 15 23:23:40.374310 2016] [:error] [pid 1294:tid 140341151729408] [client 23.251.40.103:55243] script '/opt/zbox/app/htdocs/azenv.php' not found or unable to stat
[Wed Mar 16 00:06:52.588092 2016] [:error] [pid 1703:tid 140341269227264] [client 107.151.226.203:3829] script '/opt/zbox/app/htdocs/azenv.php' not found or unable to stat
[Wed Mar 16 00:26:23.258916 2016] [:error] [pid 1294:tid 140341277619968] [client 23.251.40.103:38053] script '/opt/zbox/app/htdocs/av.php' not found or unable to stat
[Wed Mar 16 01:38:57.720161 2016] [:error] [pid 1292:tid 140341160122112] [client 107.151.226.203:3176] script '/opt/zbox/app/htdocs/av.php' not found or unable to stat
[Wed Mar 16 02:55:34.126571 2016] [:error] [pid 1292:tid 140341151729408] [client 94.185.83.100:50202] script '/opt/zbox/app/htdocs/testproxy.php' not found or unable to stat
[Wed Mar 16 03:03:26.751001 2016] [:error] [pid 1294:tid 140341269227264] [client 107.151.226.203:4573] script '/opt/zbox/app/htdocs/azenv.php' not found or unable to stat
[Wed Mar 16 03:13:43.908244 2016] [:error] [pid 1292:tid 140341134944000] [client 23.251.40.103:32093] script '/opt/zbox/app/htdocs/av.php' not found or unable to stat
[Wed Mar 16 05:28:19.913720 2016] [:error] [pid 1703:tid 140341227263744] [client 107.151.226.203:1436] script '/opt/zbox/app/htdocs/azenv.php' not found or unable to stat
[Wed Mar 16 05:47:38.577278 2016] [:error] [pid 1292:tid 140341367817984] [client 23.251.40.103:58431] script '/opt/zbox/app/htdocs/azenv.php' not found or unable to stat
[Wed Mar 16 06:32:16.379381 2016] [:error] [pid 1292:tid 140341359425280] [client 23.251.40.103:2951] script '/opt/zbox/app/htdocs/azenv.php' not found or unable to stat
[Wed Mar 16 08:12:24.182979 2016] [:error] [pid 1703:tid 140341193692928] [client 107.151.226.203:1762] script '/opt/zbox/app/htdocs/azenv.php' not found or unable to stat
[Wed Mar 16 08:13:59.963280 2016] [:error] [pid 1293:tid 140341118158592] [client 23.251.40.103:53621] script '/opt/zbox/app/htdocs/azz.php' not found or unable to stat
[Wed Mar 16 09:14:56.382944 2016] [:error] [pid 1293:tid 140341367817984] [client 23.251.40.103:11542] script '/opt/zbox/app/htdocs/azenv.php' not found or unable to stat
[Wed Mar 16 10:47:56.140970 2016] [:error] [pid 1703:tid 140341176907520] [client 107.151.226.203:4494] script '/opt/zbox/app/htdocs/azz.php' not found or unable to stat
[Wed Mar 16 11:35:10.592754 2016] [:error] [pid 1293:tid 140341151729408] [client 107.151.226.203:1695] script '/opt/zbox/app/htdocs/azenv.php' not found or unable to stat
[Wed Mar 16 14:19:58.654851 2016] [:error] [pid 1703:tid 140341210478336] [client 107.151.226.203:2282] script '/opt/zbox/app/htdocs/azenv.php' not found or unable to stat
[Wed Mar 16 15:22:17.180591 2016] [:error] [pid 1292:tid 140341269227264] [client 107.151.226.203:3934] script '/opt/zbox/app/htdocs/azz.php' not found or unable to stat
[Wed Mar 16 16:16:40.926103 2016] [:error] [pid 1293:tid 140341160122112] [client 23.251.40.103:41708] script '/opt/zbox/app/htdocs/azenv.php' not found or unable to stat
[Wed Mar 16 16:16:45.572573 2016] [:error] [pid 1292:tid 140341168514816] [client 23.251.40.103:43463] script '/opt/zbox/app/htdocs/azenv.php' not found or unable to stat
[Wed Mar 16 16:17:45.547689 2016] [:error] [pid 1294:tid 140341376210688] [client 107.151.226.203:4458] script '/opt/zbox/app/htdocs/azenv.php' not found or unable to stat
[Wed Mar 16 17:04:11.711494 2016] [:error] [pid 1703:tid 140341277619968] [client 107.151.226.203:1152] script '/opt/zbox/app/htdocs/azz.php' not found or unable to stat
[Wed Mar 16 17:04:18.093967 2016] [:error] [pid 1294:tid 140341185300224] [client 107.151.226.203:4996] script '/opt/zbox/app/htdocs/azenv.php' not found or unable to stat
[Wed Mar 16 17:44:48.047381 2016] [:error] [pid 1294:tid 140341392996096] [client 23.251.40.103:49269] script '/opt/zbox/app/htdocs/azenv.php' not found or unable to stat
[Wed Mar 16 17:46:51.966281 2016] [:error] [pid 1292:tid 140341269227264] [client 107.151.226.203:1537] script '/opt/zbox/app/htdocs/azz.php' not found or unable to stat
[Wed Mar 16 18:26:25.079232 2016] [:error] [pid 1703:tid 140341227263744] [client 23.251.40.103:22131] script '/opt/zbox/app/htdocs/azenv.php' not found or unable to stat
[Wed Mar 16 18:26:30.068012 2016] [:error] [pid 1703:tid 140341384603392] [client 23.251.40.103:22947] script '/opt/zbox/app/htdocs/azenv.php' not found or unable to stat
[Wed Mar 16 19:30:06.940243 2016] [:error] [pid 1703:tid 140341210478336] [client 23.251.40.103:3990] script '/opt/zbox/app/htdocs/av.php' not found or unable to stat
[Wed Mar 16 20:24:23.405142 2016] [:error] [pid 1703:tid 140341126551296] [client 107.151.226.203:3368] script '/opt/zbox/app/htdocs/azenv.php' not found or unable to stat
[Wed Mar 16 20:31:56.428391 2016] [:error] [pid 1703:tid 140341118158592] [client 23.251.40.103:39021] script '/opt/zbox/app/htdocs/azenv.php' not found or unable to stat
[Wed Mar 16 20:33:10.419291 2016] [:error] [pid 1292:tid 140341227263744] [client 185.25.151.159:42804] script '/opt/zbox/app/htdocs/testproxy.php' not found or unable to stat
[Wed Mar 16 21:07:09.798861 2016] [:error] [pid 1293:tid 140341118158592] [client 107.151.226.203:3537] script '/opt/zbox/app/htdocs/azenv.php' not found or unable to stat
[Wed Mar 16 21:07:17.451265 2016] [:error] [pid 1293:tid 140341392996096] [client 107.151.226.203:2956] script '/opt/zbox/app/htdocs/azz.php' not found or unable to stat
[Wed Mar 16 23:03:21.111307 2016] [:error] [pid 1292:tid 140341202085632] [client 23.251.40.103:46404] script '/opt/zbox/app/htdocs/azenv.php' not found or unable to stat
[Wed Mar 16 23:10:44.170310 2016] [:error] [pid 1703:tid 140341160122112] [client 107.151.226.203:1704] script '/opt/zbox/app/htdocs/azenv.php' not found or unable to stat
[Wed Mar 16 23:29:21.678887 2016] [:error] [pid 1703:tid 140341376210688] [client 23.251.63.45:3444] script '/opt/zbox/app/htdocs/av.php' not found or unable to stat
[Thu Mar 17 00:54:28.401592 2016] [:error] [pid 1292:tid 140341185300224] [client 185.25.148.240:35095] script '/opt/zbox/app/htdocs/testproxy.php' not found or unable to stat
[Thu Mar 17 01:27:16.571643 2016] [:error] [pid 1703:tid 140341367817984] [client 107.151.226.203:1397] script '/opt/zbox/app/htdocs/azenv.php' not found or unable to stat
[Thu Mar 17 01:27:21.251795 2016] [:error] [pid 1703:tid 140341260834560] [client 107.151.226.203:2583] script '/opt/zbox/app/htdocs/azenv.php' not found or unable to stat
[Thu Mar 17 02:11:47.783414 2016] [:error] [pid 1703:tid 140341235656448] [client 23.251.40.103:63264] script '/opt/zbox/app/htdocs/azenv.php' not found or unable to stat
[Thu Mar 17 02:28:08.637448 2016] [:error] [pid 1703:tid 140341227263744] [client 107.151.226.203:2902] script '/opt/zbox/app/htdocs/av.php' not found or unable to stat
[Thu Mar 17 03:02:59.020434 2016] [:error] [pid 1293:tid 140341176907520] [client 107.151.226.203:2607] script '/opt/zbox/app/htdocs/av.php' not found or unable to stat
[Thu Mar 17 03:49:08.707085 2016] [:error] [pid 1703:tid 140341384603392] [client 185.25.151.159:46793] script '/opt/zbox/app/htdocs/testproxy.php' not found or unable to stat
[Thu Mar 17 05:14:45.199629 2016] [:error] [pid 1292:tid 140341134944000] [client 107.151.226.203:2201] script '/opt/zbox/app/htdocs/av.php' not found or unable to stat
[Thu Mar 17 05:14:46.990052 2016] [:error] [pid 1294:tid 140341244049152] [client 107.151.226.203:3733] script '/opt/zbox/app/htdocs/azenv.php' not found or unable to stat
[Thu Mar 17 05:20:38.723914 2016] [:error] [pid 1294:tid 140341260834560] [client 5.178.86.74:39588] script '/opt/zbox/app/htdocs/azenv.php' not found or unable to stat, referer: http://best-proxies.ru/
[Thu Mar 17 05:49:58.042235 2016] [:error] [pid 1292:tid 140341384603392] [client 107.151.226.203:2736] script '/opt/zbox/app/htdocs/av.php' not found or unable to stat
[Thu Mar 17 05:50:11.573755 2016] [:error] [pid 1293:tid 140341260834560] [client 107.151.226.203:2958] script '/opt/zbox/app/htdocs/av.php' not found or unable to stat
[Thu Mar 17 06:38:00.986307 2016] [:error] [pid 1293:tid 140341134944000] [client 107.151.226.203:2427] script '/opt/zbox/app/htdocs/azenv.php' not found or unable to stat
[Thu Mar 17 06:38:02.191781 2016] [:error] [pid 1293:tid 140341269227264] [client 107.151.226.203:3661] script '/opt/zbox/app/htdocs/azenv.php' not found or unable to stat
[Thu Mar 17 06:41:05.213161 2016] [:error] [pid 1703:tid 140341210478336] [client 23.251.40.103:1916] script '/opt/zbox/app/htdocs/azenv.php' not found or unable to stat
[Thu Mar 17 09:06:42.313748 2016] [:error] [pid 1294:tid 140341185300224] [client 107.151.226.203:2630] script '/opt/zbox/app/htdocs/azenv.php' not found or unable to stat
[Thu Mar 17 09:53:31.258237 2016] [:error] [pid 1703:tid 140341376210688] [client 107.151.226.203:3200] script '/opt/zbox/app/htdocs/azenv.php' not found or unable to stat
[Thu Mar 17 09:53:39.079088 2016] [:error] [pid 1294:tid 140341367817984] [client 107.151.226.203:2240] script '/opt/zbox/app/htdocs/azenv.php' not found or unable to stat
[Thu Mar 17 10:46:56.710594 2016] [:error] [pid 1703:tid 140341210478336] [client 107.151.226.203:2302] script '/opt/zbox/app/htdocs/azz.php' not found or unable to stat
[Thu Mar 17 11:50:55.118276 2016] [:error] [pid 1292:tid 140341202085632] [client 23.251.40.103:4761] script '/opt/zbox/app/htdocs/azenv.php' not found or unable to stat
[Thu Mar 17 11:51:19.918171 2016] [:error] [pid 1292:tid 140341193692928] [client 107.151.226.203:2565] script '/opt/zbox/app/htdocs/azenv.php' not found or unable to stat
[Thu Mar 17 12:47:43.827370 2016] [:error] [pid 1292:tid 140341160122112] [client 107.151.226.203:2818] script '/opt/zbox/app/htdocs/azenv.php' not found or unable to stat
[Thu Mar 17 14:21:08.103407 2016] [:error] [pid 1292:tid 140341260834560] [client 107.151.226.203:4081] script '/opt/zbox/app/htdocs/azz.php' not found or unable to stat
[Thu Mar 17 15:11:30.021189 2016] [:error] [pid 1292:tid 140341210478336] [client 107.151.226.203:4442] script '/opt/zbox/app/htdocs/azz.php' not found or unable to stat
[Thu Mar 17 16:48:27.177330 2016] [:error] [pid 1294:tid 140341260834560] [client 107.151.226.203:2293] script '/opt/zbox/app/htdocs/av.php' not found or unable to stat
[Thu Mar 17 16:48:41.810582 2016] [:error] [pid 1294:tid 140341252441856] [client 107.151.226.203:4309] script '/opt/zbox/app/htdocs/azenv.php' not found or unable to stat
[Thu Mar 17 16:54:40.042810 2016] [:error] [pid 1292:tid 140341359425280] [client 23.251.40.103:23949] script '/opt/zbox/app/htdocs/av.php' not found or unable to stat
[Thu Mar 17 18:03:42.527532 2016] [:error] [pid 1703:tid 140341202085632] [client 107.151.226.203:3155] script '/opt/zbox/app/htdocs/azz.php' not found or unable to stat
[Thu Mar 17 18:53:12.982009 2016] [:error] [pid 1292:tid 140341227263744] [client 185.25.151.159:47808] script '/opt/zbox/app/htdocs/testproxy.php' not found or unable to stat
[Thu Mar 17 18:54:41.681161 2016] [:error] [pid 1293:tid 140341269227264] [client 107.151.226.203:4884] script '/opt/zbox/app/htdocs/azenv.php' not found or unable to stat
[Thu Mar 17 19:39:50.608539 2016] [:error] [pid 1703:tid 140341269227264] [client 23.251.40.103:45758] script '/opt/zbox/app/htdocs/azenv.php' not found or unable to stat
[Thu Mar 17 20:17:59.210214 2016] [:error] [pid 1294:tid 140341118158592] [client 107.151.226.203:2942] script '/opt/zbox/app/htdocs/azenv.php' not found or unable to stat
[Thu Mar 17 20:18:03.773878 2016] [:error] [pid 1703:tid 140341244049152] [client 23.251.40.103:49917] script '/opt/zbox/app/htdocs/azenv.php' not found or unable to stat
[Thu Mar 17 21:08:02.528362 2016] [:error] [pid 1703:tid 140341384603392] [client 107.151.226.203:3228] script '/opt/zbox/app/htdocs/av.php' not found or unable to stat
[Thu Mar 17 21:08:19.774817 2016] [:error] [pid 1703:tid 140341218871040] [client 107.151.226.203:2740] script '/opt/zbox/app/htdocs/av.php' not found or unable to stat
[Thu Mar 17 23:10:36.082576 2016] [:error] [pid 1292:tid 140341193692928] [client 107.151.226.203:1116] script '/opt/zbox/app/htdocs/azz.php' not found or unable to stat
[Thu Mar 17 23:10:47.848428 2016] [:error] [pid 1292:tid 140341185300224] [client 107.151.226.203:4422] script '/opt/zbox/app/htdocs/azenv.php' not found or unable to stat
[Thu Mar 17 23:46:14.345008 2016] [:error] [pid 1292:tid 140341176907520] [client 23.251.40.103:22155] script '/opt/zbox/app/htdocs/azenv.php' not found or unable to stat
[Fri Mar 18 01:46:02.847366 2016] [:error] [pid 1703:tid 140341359425280] [client 107.151.226.203:4482] script '/opt/zbox/app/htdocs/azz.php' not found or unable to stat
[Fri Mar 18 02:30:49.917405 2016] [:error] [pid 1703:tid 140341392996096] [client 107.151.226.203:2890] script '/opt/zbox/app/htdocs/azenv.php' not found or unable to stat
[Fri Mar 18 02:30:57.682452 2016] [:error] [pid 1293:tid 140341376210688] [client 107.151.226.203:2231] script '/opt/zbox/app/htdocs/av.php' not found or unable to stat
[Fri Mar 18 02:51:53.669915 2016] [:error] [pid 1292:tid 140341134944000] [client 23.251.40.103:22934] script '/opt/zbox/app/htdocs/azz.php' not found or unable to stat
[Fri Mar 18 03:56:05.424257 2016] [:error] [pid 1703:tid 140341376210688] [client 23.251.40.103:30818] script '/opt/zbox/app/htdocs/azz.php' not found or unable to stat
[Fri Mar 18 04:14:12.925058 2016] [:error] [pid 1292:tid 140341392996096] [client 23.251.40.103:8866] script '/opt/zbox/app/htdocs/azenv.php' not found or unable to stat
[Fri Mar 18 04:46:28.519134 2016] [:error] [pid 1292:tid 140341118158592] [client 104.128.144.131:34523] script '/opt/zbox/app/htdocs/redirect.php' not found or unable to stat
[Fri Mar 18 05:45:12.669062 2016] [:error] [pid 1292:tid 140341126551296] [client 23.251.40.103:54486] script '/opt/zbox/app/htdocs/azenv.php' not found or unable to stat
[Fri Mar 18 05:45:20.626434 2016] [:error] [pid 1292:tid 140341367817984] [client 107.151.226.203:4784] script '/opt/zbox/app/htdocs/av.php' not found or unable to stat
[Fri Mar 18 07:14:18.066719 2016] [:error] [pid 1703:tid 140341260834560] [client 107.151.226.203:2765] script '/opt/zbox/app/htdocs/azz.php' not found or unable to stat
[Fri Mar 18 07:53:12.484096 2016] [:error] [pid 1703:tid 140341227263744] [client 107.151.226.203:4679] script '/opt/zbox/app/htdocs/azenv.php' not found or unable to stat
[Fri Mar 18 08:56:19.855673 2016] [:error] [pid 1293:tid 140341176907520] [client 23.251.40.103:2109] script '/opt/zbox/app/htdocs/azenv.php' not found or unable to stat
[Fri Mar 18 10:18:52.974118 2016] [:error] [pid 1703:tid 140341118158592] [client 107.151.226.203:2087] script '/opt/zbox/app/htdocs/azenv.php' not found or unable to stat
[Fri Mar 18 10:19:03.084576 2016] [:error] [pid 1703:tid 140341160122112] [client 107.151.226.203:1459] script '/opt/zbox/app/htdocs/azenv.php' not found or unable to stat
[Fri Mar 18 12:44:13.423177 2016] [:error] [pid 1293:tid 140341193692928] [client 107.151.226.203:3086] script '/opt/zbox/app/htdocs/azenv.php' not found or unable to stat
[Fri Mar 18 14:30:23.356454 2016] [:error] [pid 1293:tid 140341384603392] [client 107.151.226.203:2495] script '/opt/zbox/app/htdocs/azz.php' not found or unable to stat
[Fri Mar 18 15:51:33.068412 2016] [:error] [pid 1703:tid 140341218871040] [client 185.49.14.190:39584] script '/opt/zbox/app/htdocs/testproxy.php' not found or unable to stat
[Fri Mar 18 16:24:09.320813 2016] [:error] [pid 1292:tid 140341210478336] [client 91.196.50.33:37895] script '/opt/zbox/app/htdocs/testproxy.php' not found or unable to stat
[Fri Mar 18 16:27:51.262063 2016] [:error] [pid 1294:tid 140341168514816] [client 23.251.40.103:26272] script '/opt/zbox/app/htdocs/azz.php' not found or unable to stat
[Fri Mar 18 17:26:00.650850 2016] [:error] [pid 1703:tid 140341176907520] [client 23.251.40.103:53993] script '/opt/zbox/app/htdocs/azz.php' not found or unable to stat
[Fri Mar 18 20:52:14.438281 2016] [:error] [pid 1292:tid 140341202085632] [client 23.251.40.103:4447] script '/opt/zbox/app/htdocs/azenv.php' not found or unable to stat
[Fri Mar 18 21:39:22.571927 2016] [:error] [pid 1292:tid 140341193692928] [client 107.151.226.203:2309] script '/opt/zbox/app/htdocs/av.php' not found or unable to stat
[Fri Mar 18 21:39:30.236542 2016] [:error] [pid 1292:tid 140341185300224] [client 107.151.226.203:4846] script '/opt/zbox/app/htdocs/azenv.php' not found or unable to stat
[Fri Mar 18 21:48:20.975423 2016] [:error] [pid 1703:tid 140341260834560] [client 181.214.92.100:46755] script '/opt/zbox/app/htdocs/xmlrpc.php' not found or unable to stat
[Fri Mar 18 22:41:52.554862 2016] [:error] [pid 1292:tid 140341176907520] [client 23.251.40.103:57915] script '/opt/zbox/app/htdocs/av.php' not found or unable to stat
[Sat Mar 19 00:53:24.263352 2016] [:error] [pid 1294:tid 140341168514816] [client 23.251.40.103:11362] script '/opt/zbox/app/htdocs/azenv.php' not found or unable to stat
[Sat Mar 19 03:10:59.002789 2016] [:error] [pid 1293:tid 140341384603392] [client 23.251.40.103:13256] script '/opt/zbox/app/htdocs/azenv.php' not found or unable to stat
[Sat Mar 19 03:56:57.276924 2016] [:error] [pid 1292:tid 140341126551296] [client 23.251.40.103:49025] script '/opt/zbox/app/htdocs/azz.php' not found or unable to stat
[Sat Mar 19 05:40:00.898319 2016] [:error] [pid 1293:tid 140341260834560] [client 107.151.226.203:1862] script '/opt/zbox/app/htdocs/av.php' not found or unable to stat
[Sat Mar 19 08:04:23.261597 2016] [:error] [pid 1703:tid 140341176907520] [client 107.151.226.203:2482] script '/opt/zbox/app/htdocs/azenv.php' not found or unable to stat
[Sat Mar 19 08:13:01.920979 2016] [:error] [pid 1293:tid 140341269227264] [client 23.251.40.103:54926] script '/opt/zbox/app/htdocs/azenv.php' not found or unable to stat
[Sat Mar 19 09:03:15.948611 2016] [:error] [pid 1293:tid 140341134944000] [client 91.196.50.33:52250] script '/opt/zbox/app/htdocs/testproxy.php' not found or unable to stat
[Sat Mar 19 10:07:57.280996 2016] [:error] [pid 1703:tid 140341118158592] [client 107.151.226.203:2272] script '/opt/zbox/app/htdocs/azz.php' not found or unable to stat
[Sat Mar 19 10:56:46.972582 2016] [:error] [pid 1292:tid 140341227263744] [client 23.251.40.103:42625] script '/opt/zbox/app/htdocs/av.php' not found or unable to stat
[Sat Mar 19 13:49:11.289311 2016] [:error] [pid 1292:tid 140341218871040] [client 107.151.226.203:2472] script '/opt/zbox/app/htdocs/azenv.php' not found or unable to stat
[Sat Mar 19 13:49:15.462366 2016] [:error] [pid 1293:tid 140341218871040] [client 107.151.226.203:1130] script '/opt/zbox/app/htdocs/azenv.php' not found or unable to stat
[Sat Mar 19 13:59:05.728721 2016] [:error] [pid 1703:tid 140341392996096] [client 23.251.40.103:24036] script '/opt/zbox/app/htdocs/azz.php' not found or unable to stat
[Sat Mar 19 15:46:48.335865 2016] [:error] [pid 1293:tid 140341359425280] [client 23.251.40.103:42034] script '/opt/zbox/app/htdocs/azenv.php' not found or unable to stat
[Sat Mar 19 17:58:30.633216 2016] [:error] [pid 1294:tid 140341202085632] [client 107.151.226.203:1819] script '/opt/zbox/app/htdocs/azenv.php' not found or unable to stat
[Sat Mar 19 18:59:41.715424 2016] [:error] [pid 1292:tid 140341176907520] [client 107.151.226.203:2661] script '/opt/zbox/app/htdocs/azenv.php' not found or unable to stat
[Sat Mar 19 19:20:12.282104 2016] [:error] [pid 1293:tid 140341277619968] [client 23.251.40.103:8729] script '/opt/zbox/app/htdocs/azz.php' not found or unable to stat
[Sat Mar 19 21:14:05.328200 2016] [:error] [pid 1293:tid 140341176907520] [client 23.251.40.103:23361] script '/opt/zbox/app/htdocs/azenv.php' not found or unable to stat
[Sat Mar 19 21:50:19.307311 2016] [:error] [pid 1292:tid 140341160122112] [client 23.251.40.103:55400] script '/opt/zbox/app/htdocs/azenv.php' not found or unable to stat
[Sat Mar 19 21:57:37.410775 2016] [:error] [pid 1293:tid 140341168514816] [client 94.185.83.100:38191] script '/opt/zbox/app/htdocs/testproxy.php' not found or unable to stat
[Sat Mar 19 22:47:54.561330 2016] [:error] [pid 1292:tid 140341392996096] [client 107.151.226.203:2419] script '/opt/zbox/app/htdocs/azenv.php' not found or unable to stat
[Sat Mar 19 23:07:27.176021 2016] [:error] [pid 1703:tid 140341244049152] [client 23.251.40.103:30390] script '/opt/zbox/app/htdocs/azz.php' not found or unable to stat
[Sun Mar 20 00:14:00.897773 2016] [:error] [pid 1293:tid 140341269227264] [client 107.151.226.203:4860] script '/opt/zbox/app/htdocs/av.php' not found or unable to stat
[Sun Mar 20 02:02:32.150368 2016] [:error] [pid 1703:tid 140341235656448] [client 107.151.226.203:2180] script '/opt/zbox/app/htdocs/azz.php' not found or unable to stat
[Sun Mar 20 04:53:53.954270 2016] [:error] [pid 1703:tid 140341218871040] [client 185.49.14.190:32966] script '/opt/zbox/app/htdocs/testproxy.php' not found or unable to stat
[Sun Mar 20 06:48:08.277220 2016] [:error] [pid 1292:tid 140341376210688] [client 37.233.101.128:41242] script '/opt/zbox/app/htdocs/testproxy.php' not found or unable to stat
[Sun Mar 20 08:59:06.172151 2016] [:error] [pid 1703:tid 140341168514816] [client 23.251.40.103:53935] script '/opt/zbox/app/htdocs/azz.php' not found or unable to stat
[Sun Mar 20 10:40:58.648707 2016] [:error] [pid 1703:tid 140341126551296] [client 107.151.226.203:2965] script '/opt/zbox/app/htdocs/azz.php' not found or unable to stat
[Sun Mar 20 10:55:16.388758 2016] [:error] [pid 1292:tid 140341235656448] [client 23.251.40.103:24532] script '/opt/zbox/app/htdocs/azenv.php' not found or unable to stat
[Sun Mar 20 14:26:20.013915 2016] [:error] [pid 1293:tid 140341376210688] [client 23.251.40.103:16651] script '/opt/zbox/app/htdocs/azenv.php' not found or unable to stat
[Sun Mar 20 14:47:47.360166 2016] [:error] [pid 1292:tid 140341202085632] [client 107.151.226.203:2623] script '/opt/zbox/app/htdocs/azenv.php' not found or unable to stat
[Sun Mar 20 16:44:24.746596 2016] [:error] [pid 1294:tid 140341168514816] [client 107.151.226.203:2357] script '/opt/zbox/app/htdocs/azenv.php' not found or unable to stat
[Sun Mar 20 17:23:32.218330 2016] [:error] [pid 1703:tid 140341376210688] [client 23.251.40.103:9192] script '/opt/zbox/app/htdocs/azz.php' not found or unable to stat
[Sun Mar 20 17:42:40.463989 2016] [:error] [pid 1703:tid 140341134944000] [client 107.151.226.203:3041] script '/opt/zbox/app/htdocs/azenv.php' not found or unable to stat
[Sun Mar 20 17:42:50.904450 2016] [:error] [pid 1294:tid 140341160122112] [client 107.151.226.203:1487] script '/opt/zbox/app/htdocs/azenv.php' not found or unable to stat
[Sun Mar 20 21:13:19.908881 2016] [:error] [pid 1293:tid 140341176907520] [client 94.185.83.100:43063] script '/opt/zbox/app/htdocs/testproxy.php' not found or unable to stat
[Sun Mar 20 21:16:02.792024 2016] [:error] [pid 1703:tid 140341244049152] [client 185.49.14.190:51925] script '/opt/zbox/app/htdocs/testproxy.php' not found or unable to stat
[Sun Mar 20 22:02:23.438917 2016] [:error] [pid 1292:tid 140341151729408] [client 23.251.40.103:38279] script '/opt/zbox/app/htdocs/azenv.php' not found or unable to stat
[Sun Mar 20 22:57:19.272307 2016] [:error] [pid 1292:tid 140341269227264] [client 23.251.40.103:50036] script '/opt/zbox/app/htdocs/azenv.php' not found or unable to stat
[Sun Mar 20 23:55:46.932681 2016] [:error] [pid 1294:tid 140341367817984] [client 23.251.40.103:53732] script '/opt/zbox/app/htdocs/azenv.php' not found or unable to stat
[Mon Mar 21 00:34:18.113188 2016] [:error] [pid 1294:tid 140341376210688] [client 107.151.226.203:2426] script '/opt/zbox/app/htdocs/azz.php' not found or unable to stat
[Mon Mar 21 00:34:25.157218 2016] [:error] [pid 1703:tid 140341218871040] [client 107.151.226.203:1361] script '/opt/zbox/app/htdocs/azenv.php' not found or unable to stat
[Mon Mar 21 00:57:02.962338 2016] [:error] [pid 1294:tid 140341218871040] [client 23.251.40.103:37027] script '/opt/zbox/app/htdocs/av.php' not found or unable to stat
[Mon Mar 21 01:18:37.273030 2016] [:error] [pid 1294:tid 140341210478336] [client 107.151.226.203:4467] script '/opt/zbox/app/htdocs/azz.php' not found or unable to stat
[Mon Mar 21 01:18:47.926914 2016] [:error] [pid 1703:tid 140341185300224] [client 107.151.226.203:2743] script '/opt/zbox/app/htdocs/azz.php' not found or unable to stat
[Mon Mar 21 01:20:12.102656 2016] [:error] [pid 1292:tid 140341244049152] [client 107.151.226.203:3579] script '/opt/zbox/app/htdocs/av.php' not found or unable to stat
[Mon Mar 21 02:02:06.198262 2016] [:error] [pid 1703:tid 140341168514816] [client 107.151.226.203:2258] script '/opt/zbox/app/htdocs/azenv.php' not found or unable to stat
[Mon Mar 21 02:05:39.495082 2016] [:error] [pid 1703:tid 140341176907520] [client 23.251.40.103:38089] script '/opt/zbox/app/htdocs/azenv.php' not found or unable to stat
[Mon Mar 21 03:08:15.951270 2016] [:error] [pid 1292:tid 140341176907520] [client 107.151.226.203:4872] script '/opt/zbox/app/htdocs/azenv.php' not found or unable to stat
[Mon Mar 21 03:18:37.180064 2016] [:error] [pid 1293:tid 140341118158592] [client 185.25.151.159:40790] script '/opt/zbox/app/htdocs/testproxy.php' not found or unable to stat
[Mon Mar 21 03:34:23.949682 2016] [:error] [pid 1703:tid 140341359425280] [client 23.251.40.103:47922] script '/opt/zbox/app/htdocs/azz.php' not found or unable to stat
[Mon Mar 21 03:34:27.324230 2016] [:error] [pid 1294:tid 140341126551296] [client 107.151.226.203:3226] script '/opt/zbox/app/htdocs/av.php' not found or unable to stat
[Mon Mar 21 04:57:59.597987 2016] [:error] [pid 1292:tid 140341134944000] [client 185.49.14.190:33794] script '/opt/zbox/app/htdocs/testproxy.php' not found or unable to stat
[Mon Mar 21 07:50:20.005703 2016] [:error] [pid 1294:tid 140341134944000] [client 107.151.226.203:4487] script '/opt/zbox/app/htdocs/azenv.php' not found or unable to stat
[Mon Mar 21 07:50:25.150396 2016] [:error] [pid 1703:tid 140341134944000] [client 107.151.226.203:2089] script '/opt/zbox/app/htdocs/azenv.php' not found or unable to stat
[Mon Mar 21 08:03:14.048222 2016] [:error] [pid 1293:tid 140341359425280] [client 23.251.40.103:26541] script '/opt/zbox/app/htdocs/azenv.php' not found or unable to stat
[Mon Mar 21 09:40:14.812139 2016] [:error] [pid 1294:tid 140341269227264] [client 107.151.226.203:1850] script '/opt/zbox/app/htdocs/azenv.php' not found or unable to stat
[Mon Mar 21 10:26:48.999435 2016] [:error] [pid 1703:tid 140341227263744] [client 23.251.40.103:41973] script '/opt/zbox/app/htdocs/av.php' not found or unable to stat
